f:\all loaders\5165\silentvault\debug\vc143.pdb
f:\all loaders\5165\silentvault\debug\vc143.idb
f:\all loaders\5165\silentvault\debug\discord_rpc.obj
f:\all loaders\5165\silentvault\debug\discord_register_win.obj
f:\all loaders\5165\silentvault\debug\discord.obj
f:\all loaders\5165\silentvault\debug\cwinsocket.obj
f:\all loaders\5165\silentvault\debug\ctqpacket.obj
f:\all loaders\5165\silentvault\debug\csnprintf.obj
f:\all loaders\5165\silentvault\debug\cshellapi.obj
f:\all loaders\5165\silentvault\debug\cserverdat.obj
f:\all loaders\5165\silentvault\debug\constants.obj
f:\all loaders\5165\silentvault\debug\connection_win.obj
f:\all loaders\5165\silentvault\debug\cmsghandler.obj
f:\all loaders\5165\silentvault\debug\cmovewindow.obj
f:\all loaders\5165\silentvault\debug\cldlibrary.obj
f:\all loaders\5165\silentvault\debug\cipherpacket.obj
f:\all loaders\5165\silentvault\debug\chotkey.obj
f:\all loaders\5165\silentvault\debug\cheatengine.obj
f:\all loaders\5165\silentvault\debug\detouraddres.obj
f:\all loaders\5165\silentvault\debug\cflashfix.obj
f:\all loaders\5165\silentvault\debug\cfileeditor.obj
f:\all loaders\5165\silentvault\debug\autohuntgui.obj
f:\all loaders\5165\silentvault\debug\serialization.obj
f:\all loaders\5165\silentvault\debug\rpc_connection.obj
f:\all loaders\5165\silentvault\debug\regkey.obj
f:\all loaders\5165\silentvault\debug\protectionthread.obj
f:\all loaders\5165\silentvault\debug\processshield.obj
f:\all loaders\5165\silentvault\debug\ownerstate.obj
f:\all loaders\5165\silentvault\debug\dllmain.obj
f:\all loaders\5165\silentvault\debug\owner.obj
f:\all loaders\5165\silentvault\debug\msgfilehash.obj
f:\all loaders\5165\silentvault\debug\memoryshield.obj
f:\all loaders\5165\silentvault\debug\logger.obj
f:\all loaders\5165\silentvault\debug\mousekeybord.obj
f:\all loaders\5165\silentvault\debug\libmem.obj
f:\all loaders\5165\silentvault\debug\imgui_widgets.obj
f:\all loaders\5165\silentvault\debug\imgui_tables.obj
f:\all loaders\5165\silentvault\debug\imgui_draw.obj
f:\all loaders\5165\silentvault\debug\imgui_demo.obj
f:\all loaders\5165\silentvault\debug\imgui.obj
f:\all loaders\5165\silentvault\debug\imgui_impl_win32.obj
f:\all loaders\5165\silentvault\debug\imgui_impl_dx8.obj
f:\all loaders\5165\silentvault\debug\titleprotection.obj
f:\all loaders\5165\silentvault\debug\threadbool.obj
f:\all loaders\5165\silentvault\debug\trampoline.obj
f:\all loaders\5165\silentvault\debug\hook.obj
f:\all loaders\5165\silentvault\debug\hde64.obj
f:\all loaders\5165\silentvault\debug\hde32.obj
f:\all loaders\5165\silentvault\debug\buffer.obj
f:\all loaders\5165\debug\silentvault.dll
f:\all loaders\5165\debug\silentvault.pdb
f:\all loaders\5165\silentvault\debug\minhook.res
f:\all loaders\5165\debug\silentvault.lib
f:\all loaders\5165\debug\silentvault.exp
f:\all loaders\5165\silentvault\debug\silentvault.ilk
f:\all loaders\5165\silentvault\debug\silentvault.tlog\cl.command.1.tlog
f:\all loaders\5165\silentvault\debug\silentvault.tlog\cl.items.tlog
f:\all loaders\5165\silentvault\debug\silentvault.tlog\cl.read.1.tlog
f:\all loaders\5165\silentvault\debug\silentvault.tlog\cl.write.1.tlog
f:\all loaders\5165\silentvault\debug\silentvault.tlog\link.command.1.tlog
f:\all loaders\5165\silentvault\debug\silentvault.tlog\link.read.1.tlog
f:\all loaders\5165\silentvault\debug\silentvault.tlog\link.secondary.1.tlog
f:\all loaders\5165\silentvault\debug\silentvault.tlog\link.write.1.tlog
f:\all loaders\5165\silentvault\debug\silentvault.tlog\rc.command.1.tlog
f:\all loaders\5165\silentvault\debug\silentvault.tlog\rc.read.1.tlog
f:\all loaders\5165\silentvault\debug\silentvault.tlog\rc.write.1.tlog
